- The project is out-of-sync -- use `renv::status()` for details.
Warning message:
The 'yaml' package is required to parse dependencies within R Markdown files
Consider installing it with `install.packages("yaml")`. 
Warning messages:
1: package ‘tibble’ was built under R version 4.4.3 
2: package ‘dplyr’ was built under R version 4.4.3 
Warning messages:
1: package ‘openalexR’ was built under R version 4.4.3 
2: package ‘httr’ was built under R version 4.4.3 
[1/16] openalex_en_TN  (language=en, country=Tunisia)
HTTP status 429 Too Many Requests
HTTP status 429 Too Many Requests
HTTP status 429 Too Many Requests
HTTP status 429 Too Many Requests
HTTP status 429 Too Many Requests
HTTP status 429 Too Many Requests
HTTP status 429 Too Many Requests
HTTP status 429 Too Many Requests
HTTP status 429 Too Many Requests
HTTP status 429 Too Many Requests
HTTP status 429 Too Many Requests
HTTP status 429 Too Many Requests
HTTP status 429 Too Many Requests
HTTP status 429 Too Many Requests
HTTP status 429 Too Many Requests
HTTP status 429 Too Many Requests
HTTP status 429 Too Many Requests
HTTP status 429 Too Many Requests
HTTP status 429 Too Many Requests
HTTP status 429 Too Many Requests
HTTP status 429 Too Many Requests
HTTP status 429 Too Many Requests
     -> 4600 records
[2/16] openalex_en_DZ  (language=en, country=Algeria)
HTTP status 429 Too Many Requests
     -> 0 records
[3/16] openalex_en_MA  (language=en, country=Morocco)
HTTP status 429 Too Many Requests
     -> 0 records
[4/16] openalex_en_LY  (language=en, country=Libya)
HTTP status 429 Too Many Requests
     -> 0 records
[5/16] openalex_en_EG  (language=en, country=Egypt)
HTTP status 429 Too Many Requests
     -> 0 records
[6/16] openalex_en_REGION  (language=en, country=Region)
HTTP status 429 Too Many Requests
     -> 0 records
[7/16] openalex_fr_ALL  (language=fr, country=ALL)
HTTP status 429 Too Many Requests
     -> 0 records
[8/16] openalex_ar_ALL  (language=ar, country=ALL)
HTTP status 429 Too Many Requests
     -> 0 records
[9/16] core_en_TN  (language=en, country=Tunisia)
     -> 1 records
[10/16] core_en_DZ  (language=en, country=Algeria)
     -> 0 records
[11/16] core_en_MA  (language=en, country=Morocco)
     -> 0 records
[12/16] core_en_LY  (language=en, country=Libya)
     -> 3 records
[13/16] core_en_EG  (language=en, country=Egypt)
     -> 10 records
[14/16] core_en_REGION  (language=en, country=Region)
     -> 0 records
[15/16] core_fr_ALL  (language=fr, country=ALL)
     -> 0 records
[16/16] core_ar_ALL  (language=ar, country=ALL)
     -> 0 records

=== per-cell counts ===
# A tibble: 4 × 3
  cell_id        source   n_records
  <chr>          <chr>        <int>
1 core_en_EG     core            10
2 core_en_LY     core             3
3 core_en_TN     core             1
4 openalex_en_TN openalex      4600

Total raw ledger rows (pre-dedup): 4614
Ledger written: /Users/zakherfrogman/Documents/HWC Confereance/HWC North Africa paper review/data/derived/search_ledger.rds
