Warning messages:
1: package ‘dplyr’ was built under R version 4.4.3 
2: package ‘tibble’ was built under R version 4.4.3 
3: package ‘readr’ was built under R version 4.4.3 
4: package ‘httr’ was built under R version 4.4.3 
5: package ‘digest’ was built under R version 4.4.3 
Seed set: 254 analytic records with OpenAlex ids
Backward: 10227 reference edges, 8702 unique works
Forward: 1060 unique works citing the top 20 seeds
Citation pool: 9560 unique works, 555 already in the ledger (5.8%), 9005 new
  metadata 20/181 batches, credits used 46
  metadata 40/181 batches, credits used 66
  metadata 60/181 batches, credits used 86
  metadata 80/181 batches, credits used 106
  metadata 100/181 batches, credits used 126
  metadata 120/181 batches, credits used 146
  metadata 140/181 batches, credits used 166
  metadata 160/181 batches, credits used 186
  metadata 180/181 batches, credits used 206
Fetched metadata for 8464 of 9005 new works

=== CITATION PROBE ===
Seed records (analytic, OpenAlex-indexed) : 254
Works they cite (unique)                  : 8702
Works citing the top 20 by relevance      : 1060
Citation pool (unique)                    : 9560
  already in our dedup ledger             : 555 (5.8%)
  new, metadata retrieved                 : 8464

--- of the new works, how many should our search have found? ---
geography AND conflict term (loose)       : 6
geography AND conflict AND wildlife (strict): 1

As a share of our 254-record analytic set, the strict figure is 0%.

--- language of the missed candidates ---
# A tibble: 1 × 2
  language     n
  <chr>    <int>
1 en           1

--- type ---
# A tibble: 1 × 2
  type        n
  <chr>   <int>
1 article     1

--- decade ---
# A tibble: 1 × 2
  decade     n
   <dbl> <int>
1   2010     1

--- a sample of what the search missed ---
  year language
1 2013       en
                                                                           title
1 Role of the Poison Control Centre of Morocco in the Improvement of Public Heal

OpenAlex credits used this run: 207 (session cap 8000)
Wrote /Users/zakherfrogman/Documents/HWC Confereance/HWC North Africa paper review/data/derived/citation_probe.rds
      /Users/zakherfrogman/Documents/HWC Confereance/HWC North Africa paper review/data/derived/citation_probe_candidates.csv
R version 4.4.1 (2024-06-14)
Platform: aarch64-apple-darwin20
Running under: macOS 26.6.1

Matrix products: default
BLAS:   /Library/Frameworks/R.framework/Versions/4.4-arm64/Resources/lib/libRblas.0.dylib 
LAPACK: /Library/Frameworks/R.framework/Versions/4.4-arm64/Resources/lib/libRlapack.dylib;  LAPACK version 3.12.0

locale:
[1] C.UTF-8/C.UTF-8/C.UTF-8/C/C.UTF-8/C.UTF-8

time zone: Africa/Tunis
tzcode source: internal

attached base packages:
[1] stats     graphics  grDevices datasets  utils     methods   base     

other attached packages:
[1] digest_0.6.39  httr_1.4.8     jsonlite_2.0.0 readr_2.2.0    tibble_3.3.1  
[6] dplyr_1.2.0    here_1.0.2    

loaded via a namespace (and not attached):
 [1] crayon_1.5.3     vctrs_0.7.2      cli_3.6.5        rlang_1.1.7     
 [5] renv_1.1.8       generics_0.1.4   glue_1.8.0       bit_4.6.0       
 [9] rprojroot_2.1.1  hms_1.1.4        tzdb_0.5.0       yaml_2.3.12     
[13] lifecycle_1.0.5  compiler_4.4.1   pkgconfig_2.0.3  R6_2.6.1        
[17] utf8_1.2.6       tidyselect_1.2.1 parallel_4.4.1   vroom_1.7.0     
[21] pillar_1.11.1    curl_7.0.0       magrittr_2.0.4   tools_4.4.1     
[25] withr_3.0.2      bit64_4.6.0-1   
