- The project is out-of-sync -- use `renv::status()` for details.
Warning message:
The 'yaml' package is required to parse dependencies within R Markdown files
Consider installing it with `install.packages("yaml")`. 
Warning messages:
1: package ‘dplyr’ was built under R version 4.4.3 
2: package ‘tibble’ was built under R version 4.4.3 
3: package ‘readr’ was built under R version 4.4.3 
Warning messages:
1: package ‘httr’ was built under R version 4.4.3 
2: package ‘pdftools’ was built under R version 4.4.3 
3: package ‘xml2’ was built under R version 4.4.3 
GROBID alive at http://localhost:8070
Records to retrieve: 12

=== MODULE 05: retrieval by country ===
# A tibble: 5 × 7
  country     n downloaded scanned   ocr   tei tei_pct
  <chr>   <int>      <int>   <int> <int> <int>   <dbl>
1 TN          5          0       0     0     0       0
2 EG          3          0       0     0     0       0
3 MA          2          0       0     0     0       0
4 DZ          1          0       0     0     0       0
5 LY          1          0       0     0     0       0

=== failure reasons ===
# A tibble: 2 × 2
  failure_reason     n
  <chr>          <int>
1 http_403           9
2 no_pdf_url         3

Full text as TEI: 0 / 12 (0.0%)
Scanned PDFs needing OCR: 0 (OCR succeeded on 0)

Wrote /Users/zakherfrogman/Documents/HWC Confereance/HWC North Africa paper review/data/derived/retrieval_ledger.rds
     /Users/zakherfrogman/Documents/HWC Confereance/HWC North Africa paper review/data/derived/retrieval_by_country.csv
