- The project is out-of-sync -- use `renv::status()` for details.
Warning message:
The 'yaml' package is required to parse dependencies within R Markdown files
Consider installing it with `install.packages("yaml")`. 
Warning messages:
1: package ‘dplyr’ was built under R version 4.4.3 
2: package ‘tibble’ was built under R version 4.4.3 
3: package ‘readr’ was built under R version 4.4.3 
Warning messages:
1: package ‘httr’ was built under R version 4.4.3 
2: package ‘pdftools’ was built under R version 4.4.3 
3: package ‘xml2’ was built under R version 4.4.3 
GROBID alive at http://localhost:8070
Records to retrieve: 550
  [40/550] 1.8 min elapsed, ETA 23.3 min
  [50/550] 1.9 min elapsed, ETA 18.5 min
  [60/550] 2.0 min elapsed, ETA 16.0 min
  [90/550] 3.6 min elapsed, ETA 18.2 min
  [100/550] 3.6 min elapsed, ETA 16.1 min
PDF error: Mismatch between font type and embedded font file
PDF error: Mismatch between font type and embedded font file
PDF error: Mismatch between font type and embedded font file
PDF error: Mismatch between font type and embedded font file
PDF error: Mismatch between font type and embedded font file
PDF error: Mismatch between font type and embedded font file
PDF error: Mismatch between font type and embedded font file
PDF error: Mismatch between font type and embedded font file
PDF error: Mismatch between font type and embedded font file
  [110/550] 3.7 min elapsed, ETA 14.6 min
  [120/550] 3.7 min elapsed, ETA 13.4 min
PDF error: Unknown Metadata type: 'XMP'
  [140/550] 4.8 min elapsed, ETA 14.2 min
  [160/550] 11.5 min elapsed, ETA 28.1 min
  [180/550] 14.4 min elapsed, ETA 29.5 min
  [200/550] 15.3 min elapsed, ETA 26.8 min
  [220/550] 15.8 min elapsed, ETA 23.6 min
  [230/550] 15.8 min elapsed, ETA 21.9 min
  [240/550] 16.0 min elapsed, ETA 20.7 min
  [260/550] 18.8 min elapsed, ETA 20.9 min
  [300/550] 25.9 min elapsed, ETA 21.6 min
  [310/550] 27.2 min elapsed, ETA 21.1 min
  [320/550] 28.5 min elapsed, ETA 20.5 min
PDF error: xref num 9 not found but needed, try to reconstruct
PDF error: xref num 9 not found but needed, try to reconstruct
  [330/550] 29.7 min elapsed, ETA 19.8 min
  [350/550] 32.2 min elapsed, ETA 18.4 min
  [360/550] 33.7 min elapsed, ETA 17.8 min
  [370/550] 35.3 min elapsed, ETA 17.2 min
  [400/550] 37.9 min elapsed, ETA 14.2 min
  [410/550] 38.8 min elapsed, ETA 13.2 min
  [420/550] 40.5 min elapsed, ETA 12.5 min
  [440/550] 43.0 min elapsed, ETA 10.8 min
  [460/550] 46.2 min elapsed, ETA 9.0 min
  [470/550] 47.6 min elapsed, ETA 8.1 min
  [490/550] 50.0 min elapsed, ETA 6.1 min
  [500/550] 52.3 min elapsed, ETA 5.2 min
PDF error: Invalid Font Weight
PDF error: Invalid Font Weight
  [530/550] 55.6 min elapsed, ETA 2.1 min
  [540/550] 57.3 min elapsed, ETA 1.1 min
PDF error: Invalid Font Weight
PDF error: Invalid Font Weight
PDF error: Invalid Font Weight
PDF error: Invalid Font Weight
PDF error: Invalid Font Weight
PDF error: Invalid Font Weight
PDF error: Invalid Font Weight
PDF error: Invalid Font Weight
PDF error: Invalid Font Weight
PDF error: Invalid Font Weight
PDF error: Invalid Font Weight
PDF error: Invalid Font Weight
PDF error: Invalid Font Weight
PDF error: Invalid Font Weight
PDF error: Invalid Font Weight
PDF error: Invalid Font Weight
PDF error: Invalid Font Weight
PDF error: Invalid Font Weight
PDF error: Invalid Font Weight
PDF error: Invalid Font Weight
PDF error: Invalid Font Weight
PDF error: Invalid Font Weight
PDF error: Invalid Font Weight
PDF error: Invalid Font Weight
PDF error: Invalid Font Weight
PDF error: Invalid Font Weight
PDF error: Invalid Font Weight
PDF error: Invalid Font Weight
PDF error: Invalid Font Weight
PDF error: Invalid Font Weight
PDF error: Invalid Font Weight
PDF error: Invalid Font Weight
PDF error: Invalid Font Weight
PDF error: Invalid Font Weight
PDF error: Invalid Font Weight
PDF error: Invalid Font Weight
PDF error: Invalid Font Weight
PDF error: Invalid Font Weight
PDF error: Invalid Font Weight
PDF error: Invalid Font Weight
PDF error: Invalid Font Weight
PDF error: Invalid Font Weight
PDF error: Invalid Font Weight
PDF error: Invalid Font Weight
PDF error: Invalid Font Weight
PDF error: Invalid Font Weight
PDF error: Invalid Font Weight
PDF error: Invalid Font Weight
PDF error: Invalid Font Weight
PDF error: Invalid Font Weight
PDF error: Invalid Font Weight
PDF error: Invalid Font Weight
PDF error: Invalid Font Weight
PDF error: Invalid Font Weight
PDF error: Invalid Font Weight
PDF error: Invalid Font Weight
PDF error: Invalid Font Weight
PDF error: Invalid Font Weight
PDF error: Invalid Font Weight
PDF error: Invalid Font Weight
PDF error: Invalid Font Weight
PDF error: Invalid Font Weight
PDF error: Invalid Font Weight
PDF error: Invalid Font Weight
PDF error: Invalid Font Weight
PDF error: Invalid Font Weight
PDF error: Invalid Font Weight
PDF error: Invalid Font Weight
PDF error: Invalid Font Weight
PDF error: Invalid Font Weight
PDF error: Invalid Font Weight
PDF error: Invalid Font Weight
PDF error: Invalid Font Weight
PDF error: Invalid Font Weight
PDF error: Invalid Font Weight
PDF error: Invalid Font Weight
PDF error: Invalid Font Weight
PDF error: Invalid Font Weight
PDF error: Invalid Font Weight
PDF error: Invalid Font Weight
PDF error: Invalid Font Weight
PDF error: Invalid Font Weight
PDF error: Invalid Font Weight
PDF error: Invalid Font Weight
PDF error: Invalid Font Weight
PDF error: Invalid Font Weight
PDF error: Invalid Font Weight
PDF error: Invalid Font Weight
PDF error: Invalid Font Weight
PDF error: Invalid Font Weight
PDF error: Invalid Font Weight
PDF error: Invalid Font Weight
PDF error: Invalid Font Weight
PDF error: Invalid Font Weight
PDF error: Invalid Font Weight
PDF error: Invalid Font Weight
PDF error: Invalid Font Weight
PDF error: Invalid Font Weight
PDF error: Invalid Font Weight
PDF error: Invalid Font Weight
PDF error: Invalid Font Weight
PDF error: Invalid Font Weight
PDF error: Invalid Font Weight
PDF error: Invalid Font Weight
PDF error: Invalid Font Weight
PDF error: Invalid Font Weight
PDF error: Invalid Font Weight
PDF error: Invalid Font Weight
PDF error: Invalid Font Weight
PDF error: Invalid Font Weight
PDF error: Invalid Font Weight
PDF error: Invalid Font Weight
PDF error: Invalid Font Weight
PDF error: Invalid Font Weight
PDF error: Invalid Font Weight
PDF error: Invalid Font Weight
PDF error: Invalid Font Weight
PDF error: Invalid Font Weight
PDF error: Invalid Font Weight
PDF error: Invalid Font Weight
PDF error: Invalid Font Weight
PDF error: Invalid Font Weight
PDF error: Invalid Font Weight
PDF error: Invalid Font Weight
PDF error: Invalid Font Weight
PDF error: Invalid Font Weight
PDF error: Invalid Font Weight
PDF error: Invalid Font Weight
PDF error: Invalid Font Weight
PDF error: Invalid Font Weight
PDF error: Invalid Font Weight
PDF error: Invalid Font Weight
PDF error: Invalid Font Weight
PDF error: Invalid Font Weight
PDF error: Invalid Font Weight
PDF error: Invalid Font Weight
PDF error: Invalid Font Weight
PDF error: Invalid Font Weight
PDF error: Invalid Font Weight
PDF error: Invalid Font Weight
PDF error: Invalid Font Weight
PDF error: Invalid Font Weight
PDF error: Invalid Font Weight
PDF error: Invalid Font Weight
PDF error: Invalid Font Weight
PDF error: Invalid Font Weight
PDF error: Invalid Font Weight
PDF error: Invalid Font Weight
PDF error: Invalid Font Weight
PDF error: Invalid Font Weight
PDF error: Invalid Font Weight
PDF error: Invalid Font Weight
PDF error: Invalid Font Weight
PDF error: Invalid Font Weight
PDF error: Invalid Font Weight
PDF error: Invalid Font Weight
PDF error: Invalid Font Weight
PDF error: Invalid Font Weight
PDF error: Invalid Font Weight
PDF error: Invalid Font Weight
PDF error: Invalid Font Weight
PDF error: Invalid Font Weight
PDF error: Invalid Font Weight
PDF error: Invalid Font Weight
PDF error: Invalid Font Weight
PDF error: Invalid Font Weight
PDF error: Invalid Font Weight
PDF error: Invalid Font Weight
PDF error: Invalid Font Weight
PDF error: Invalid Font Weight
PDF error: Invalid Font Weight
PDF error: Invalid Font Weight
PDF error: Invalid Font Weight
PDF error: Invalid Font Weight
PDF error: Invalid Font Weight
PDF error: Invalid Font Weight
PDF error: Invalid Font Weight
PDF error: Invalid Font Weight
PDF error: Invalid Font Weight
PDF error: Invalid Font Weight
PDF error: Invalid Font Weight
PDF error: Invalid Font Weight
PDF error: Invalid Font Weight
PDF error: Invalid Font Weight
PDF error: Invalid Font Weight
PDF error: Invalid Font Weight
PDF error: Invalid Font Weight
PDF error: Invalid Font Weight
PDF error: Invalid Font Weight
PDF error: Invalid Font Weight
PDF error: Invalid Font Weight
PDF error: Invalid Font Weight
PDF error: Invalid Font Weight
PDF error: Invalid Font Weight
PDF error: Invalid Font Weight
PDF error: Invalid Font Weight
PDF error: Invalid Font Weight
PDF error: Invalid Font Weight
PDF error: Invalid Font Weight
PDF error: Invalid Font Weight
PDF error: Invalid Font Weight
PDF error: Invalid Font Weight
PDF error: Invalid Font Weight
PDF error: Invalid Font Weight
PDF error: Invalid Font Weight
PDF error: Invalid Font Weight
PDF error: Invalid Font Weight
PDF error: Invalid Font Weight
PDF error: Invalid Font Weight
PDF error: Invalid Font Weight
PDF error: Invalid Font Weight
PDF error: Invalid Font Weight
PDF error: Invalid Font Weight
PDF error: Invalid Font Weight
PDF error: Invalid Font Weight
PDF error: Invalid Font Weight
PDF error: Invalid Font Weight
PDF error: Invalid Font Weight
PDF error: Invalid Font Weight
PDF error: Invalid Font Weight
PDF error: Invalid Font Weight
PDF error: Invalid Font Weight
PDF error: Invalid Font Weight
PDF error: Invalid Font Weight
PDF error: Invalid Font Weight
PDF error: Invalid Font Weight
PDF error: Invalid Font Weight
PDF error: Invalid Font Weight
PDF error: Invalid Font Weight
PDF error: Invalid Font Weight
PDF error: Invalid Font Weight
PDF error: Invalid Font Weight
PDF error: Invalid Font Weight
PDF error: Invalid Font Weight
PDF error: Invalid Font Weight
PDF error: Invalid Font Weight
PDF error: Invalid Font Weight
PDF error: Invalid Font Weight
PDF error: Invalid Font Weight
PDF error: Invalid Font Weight
PDF error: Invalid Font Weight
PDF error: Invalid Font Weight
PDF error: Invalid Font Weight
  [550/550] 59.6 min elapsed, ETA 0.0 min

=== MODULE 05: retrieval by country ===
# A tibble: 6 × 7
  country     n downloaded scanned   ocr   tei tei_pct
  <chr>   <int>      <int>   <int> <int> <int>   <dbl>
1 EG        187         97       0     0    97    51.9
2 TN        137         70       0     0    70    51.1
3 MA         90         46       0     0    46    51.1
4 REGION     64         35       0     0    35    54.7
5 DZ         50         29       0     0    29    58  
6 LY         22          9       0     0     9    40.9

=== failure reasons ===
# A tibble: 11 × 2
   failure_reason           n
   <chr>                <int>
 1 no_pdf_url              63
 2 http_403                61
 3 publisher_blocked       59
 4 network_error           27
 5 landing_page_not_pdf    22
 6 http_401                 9
 7 http_429                 8
 8 http_202                 7
 9 http_404                 5
10 not_a_pdf                2
11 empty_response           1

Full text as TEI: 286 / 550 (52.0%)
Scanned PDFs needing OCR: 0 (OCR succeeded on 0)

Wrote /Users/zakherfrogman/Documents/HWC Confereance/HWC North Africa paper review/data/derived/retrieval_ledger.rds
     /Users/zakherfrogman/Documents/HWC Confereance/HWC North Africa paper review/data/derived/retrieval_by_country.csv
