- The project is out-of-sync -- use `renv::status()` for details.
Warning message:
The 'yaml' package is required to parse dependencies within R Markdown files
Consider installing it with `install.packages("yaml")`. 
Warning messages:
1: package ‘dplyr’ was built under R version 4.4.3 
2: package ‘tibble’ was built under R version 4.4.3 
3: package ‘httr’ was built under R version 4.4.3 
4: package ‘digest’ was built under R version 4.4.3 
Warning message:
package ‘xml2’ was built under R version 4.4.3 
Verifying geography for 550 included records
  [25/550] 2.2 min, ETA 45.2 min
  [50/550] 4.1 min, ETA 40.7 min
  [75/550] 5.1 min, ETA 32.0 min
  [100/550] 6.1 min, ETA 27.4 min
  [125/550] 7.3 min, ETA 24.7 min
  [150/550] 8.2 min, ETA 22.0 min
  [175/550] 9.4 min, ETA 20.1 min
  [200/550] 10.5 min, ETA 18.4 min
  [225/550] 11.6 min, ETA 16.8 min
  [250/550] 12.7 min, ETA 15.2 min
  [275/550] 13.7 min, ETA 13.7 min
  [300/550] 14.7 min, ETA 12.3 min
  [325/550] 15.8 min, ETA 11.0 min
  [350/550] 16.9 min, ETA 9.7 min
  [375/550] 18.2 min, ETA 8.5 min
  [400/550] 19.4 min, ETA 7.3 min
  [425/550] 20.7 min, ETA 6.1 min
  [450/550] 22.3 min, ETA 5.0 min
  [475/550] 23.6 min, ETA 3.7 min
  [500/550] 25.5 min, ETA 2.6 min
  [525/550] 27.1 min, ETA 1.3 min
  [550/550] 28.8 min, ETA 0.0 min

=== GEOGRAPHIC VERIFICATION ===
# A tibble: 8 × 2
  study_country              n
  <chr>                  <int>
1 multiple North African   216
2 other country            180
3 not stated                75
4 Egypt                     28
5 Morocco                   23
6 Tunisia                   16
7 Algeria                   10
8 Libya                      2

in_scope TRUE : 266
in_scope FALSE: 284
unverified    : 0

Estimated screening precision: 48.4% (266 of 550)

=== search cell vs verified location (leakage per cell) ===
# A tibble: 6 × 4
  cell_country     n in_scope   pct
  <chr>        <int>    <int> <dbl>
1 EG             187       66     0
2 TN             137      102     0
3 MA              90       41     0
4 REGION          64       11     0
5 DZ              50       31     0
6 LY              22       15     0

Wrote /Users/zakherfrogman/Documents/HWC Confereance/HWC North Africa paper review/data/derived/geography_verification.rds
